description: Representative Jared Golden proposed a family income supplement of this amount for pregnant women.
metadata:
  unit: currency-USD
  label: FISC Act family income supplement pregnant amount
  period: year
  reference:
    - title: Family Income Supplemental Credit Act, Sec. 2, (d)(1)
      href: https://golden.house.gov/sites/evo-subsites/golden.house.gov/files/evo-media-document/GoldenFISC.pdf#page=5

values:
  2026-01-01: 3_200 # $800 per month for 4 months
