description: The proposed Family Income Supplemental Credit Act applies if this is true.
metadata:
  unit: bool
  label: FISC Act in effect
  period: year
  reference:
    - title: Family Income Supplemental Credit Act
      href: https://golden.house.gov/sites/evo-subsites/golden.house.gov/files/evo-media-document/GoldenFISC.pdf
values:
  0000-01-01: False
