description: Representative Jared Golden capped his proposed monthly family income supplement at this fraction of adjusted gross income in the prior tax year.
metadata:
  unit: /1
  label: FISC cap as fraction of AGI
  period: year
  reference:
    - title: Family Income Supplemental Credit Act, Sec. 2, (d)(4)
      href: https://golden.house.gov/sites/evo-subsites/golden.house.gov/files/evo-media-document/GoldenFISC.pdf#page=7
values:
  2026-01-01: 1 # defined as a monthly cap of 1/12 of total AGI
