description: Representative Jared Golden proposed a family income supplement which is limited to caregivers of this age or older.
metadata:
  unit: year
  label: FISC Act family income supplement caregiver age threshold
  period: year
  reference:
    - title: Family Income Supplemental Credit Act, Sec. 2, (b)(2)(A)(i)
      href: https://golden.house.gov/sites/evo-subsites/golden.house.gov/files/evo-media-document/GoldenFISC.pdf#page=4
values:
  2026-01-01: 18
