description: Indicates whether a person is pregnant.
metadata:
  unit: boolean
  label: Is pregnant
  period: year
  reference:
    - title: Family Income Supplemental Credit Act, Sec. 2, (d)(1)
      href: https://golden.house.gov/sites/evo-subsites/golden.house.gov/files/evo-media-document/GoldenFISC.pdf#page=5

values:
  2026-01-01: false