description: Representative Jared Golden proposed a family income supplement with a marriage bonus of this percentage of the total credit.
metadata:
  unit: /1
  label: FISC Act family income supplement marriage bonus rate
  period: year
  reference:
    - title: Family Income Supplemental Credit Act, Sec. 2, (d)(2)
      href: https://golden.house.gov/sites/evo-subsites/golden.house.gov/files/evo-media-document/GoldenFISC.pdf#page=6
values:
  2026-01-01: 0.2
