description: Representative Jared Golden proposed a family income supplement for filers which are at least in the following pregnancy week.
metadata:
  unit: week
  label: FISC Act family income supplement pregnancy weeks limit
  period: year
  reference:
    - title: Family Income Supplemental Credit Act, Sec. 2, (d)(1)
      href: https://golden.house.gov/sites/evo-subsites/golden.house.gov/files/evo-media-document/GoldenFISC.pdf#page=5

values:
  2026-01-01: 20